../Core/Src/main.c:81:6:HAL_UART_RxCpltCallback	16	static
../Core/Src/main.c:98:5:main	8	static
../Core/Src/main.c:155:6:SystemClock_Config	88	static
../Core/Src/main.c:199:13:MX_ADC1_Init	24	static
../Core/Src/main.c:246:13:MX_TIM2_Init	32	static
../Core/Src/main.c:291:13:MX_USART2_UART_Init	8	static
../Core/Src/main.c:324:13:MX_GPIO_Init	32	static
../Core/Src/main.c:344:6:uart_communiation_fsm	8	static
../Core/Src/main.c:362:6:command_paser_fsm	16	static
../Core/Src/main.c:411:6:HAL_TIM_PeriodElapsedCallback	16	static
../Core/Src/main.c:420:6:Error_Handler	4	static,ignoring_inline_asm
