../Core/Inc/button.h:26:6:init_button	16	static
../Core/Inc/button.h:38:6:keyPress	16	static
../Core/Inc/button.h:42:6:keyHold	16	static
../Core/Inc/button.h:46:6:keyRelease	16	static
../Core/Inc/button.h:52:6:getKeyInput	16	static
../Core/Inc/software_timer.h:18:6:setTimer	16	static
../Core/Inc/software_timer.h:24:6:timerRun	16	static
../Core/Src/main.c:88:5:main	8	static
../Core/Src/main.c:133:6:SystemClock_Config	72	static
../Core/Src/main.c:170:13:MX_TIM2_Init	32	static
../Core/Src/main.c:215:13:MX_GPIO_Init	32	static
../Core/Src/main.c:261:6:custom_system_init	8	static
../Core/Src/main.c:280:6:HAL_TIM_PeriodElapsedCallback	16	static
../Core/Src/main.c:291:6:clear_led	8	static
../Core/Src/main.c:296:6:key_press_check	8	static
../Core/Src/main.c:311:6:fsm_traffic_master	8	static
../Core/Src/main.c:375:6:timer_2_logic	8	static
../Core/Src/main.c:384:6:traffic_state_controller	8	static
../Core/Src/main.c:440:6:setting_led_controller	16	static
../Core/Src/main.c:501:6:led_controller	8	static
../Core/Src/main.c:538:6:display7Seg	16	static
../Core/Src/main.c:555:6:Error_Handler	4	static,ignoring_inline_asm
